---
source: crates/loxide_interpreter/tests/integration.rs
expression: result
snapshot_kind: text
---
fun f() {
  while (true) {
    var i = "i";
    return i;
  }
}


print f();
// => str(i)
// expect: i
