---
source: crates/loxide_interpreter/tests/integration.rs
expression: result
---
// * has higher precedence than +.
print 2 + 3 * 4; // expect: 14
// => num(14)

// * has higher precedence than -.
print 20 - 3 * 4; // expect: 8
// => num(8)

// / has higher precedence than +.
print 2 + 6 / 3; // expect: 4
// => num(4)

// / has higher precedence than -.
print 2 - 6 / 3; // expect: 0
// => num(0)

// < has higher precedence than ==.
print false == 2 < 1; // expect: true
// => bool(true)

// > has higher precedence than ==.
print false == 1 > 2; // expect: true
// => bool(true)

// <= has higher precedence than ==.
print false == 2 <= 1; // expect: true
// => bool(true)

// >= has higher precedence than ==.
print false == 1 >= 2; // expect: true
// => bool(true)

// 1 - 1 is not space-sensitive.
print 1 - 1; // expect: 0
// => num(0)
print 1 -1;  // expect: 0
// => num(0)
print 1- 1;  // expect: 0
// => num(0)
print 1-1;   // expect: 0
// => num(0)

// Using () for grouping.
print (2 * (6 - (2 + 2))); // expect: 4
// => num(4)
