---
source: crates/loxide_interpreter/tests/integration.rs
expression: result
---
{} // By itself.


// In a statement.
if (true) {}

if (false) {} else {}


print "ok"; // expect: ok
// => str(ok)
