---
source: crates/loxide_interpreter/tests/integration.rs
expression: result
snapshot_kind: text
---
// [line 3] Error at '123': Expect '{' before function body.
// [c line 4] Error at end: Expect '}' after block.
fun f() 123;

>>>>> Error Section <<<<<

  × Expected token `{`, found literal
   ╭─[3:9]
 2 │ // [c line 4] Error at end: Expect '}' after block.
 3 │ fun f() 123;
   ·         ─┬─
   ·          ╰── expected `{`, found literal
   ╰────
