---
source: crates/loxide_interpreter/src/eval.rs
expression: result
---
  × Function call on a non-callable value
   ╭─[1:1]
 1 │ 1();
   · ┬
   · ╰── expect a callable value here, but got type `number`
 2 │ fun foo(a, b) {}
   ╰────

  × Bad arity, expected: 2, found: 1
   ╭─[2:8]
 1 │ 1();
 2 │ fun foo(a, b) {}
   ·        ───┬──
   ·           ╰── function declare here with 2 parameters
 3 │ foo(1);
   ·    ─┬─
   ·     ╰── function call here with 1 parameters
   ╰────
