---
source: crates/loxide_interpreter/src/eval.rs
expression: annotated_eval_test!(src)
---
fun fib(n) {
  if (n <= 1) return n;
  return fib(n - 2) + fib(n - 1);
}

for (var i = 0; i < 20; i = i + 1) {
  print fib(i);
// => num(0)
// => num(1)
// => num(1)
// => num(2)
// => num(3)
// => num(5)
// => num(8)
// => num(13)
// => num(21)
// => num(34)
// => num(55)
// => num(89)
// => num(144)
// => num(233)
// => num(377)
// => num(610)
// => num(987)
// => num(1597)
// => num(2584)
// => num(4181)
}
