---
source: crates/loxide_interpreter/src/eval.rs
expression: annotated_eval_test!(src)
---
print(-1.0  );
// => num(-1)
print(!true );
// => bool(false)
print(!false);
// => bool(true)
